
There are no discarded input sections

Memory Configuration

Name             Origin             Length             Attributes
ram              0x0000000080200000 0x0000000008000000 axrl!w
*default*        0x0000000000000000 0xffffffffffffffff

Linker script and memory map

LOAD entry.o
LOAD kerneltrap.o
LOAD switch.o
LOAD sbi.o
LOAD main.o
LOAD printf.o
LOAD trap.o
LOAD syscall.o
LOAD string.o
LOAD app.o
LOAD task.o
LOAD timer.o

.text           0x0000000080200000      0xfea
 *(.text .text.*)
 .text          0x0000000080200000        0x0 entry.o
 .text.entry    0x0000000080200000        0xc entry.o
                0x0000000080200000                _start
 *fill*         0x000000008020000c        0x4 
 .text          0x0000000080200010       0xbe kerneltrap.o
                0x0000000080200010                __alltraps
                0x0000000080200070                __restore
 .text          0x00000000802000ce       0x6a switch.o
                0x00000000802000ce                __switch
 .text          0x0000000080200138       0xe4 sbi.o
                0x0000000080200138                sbi_ecall
                0x00000000802001bc                sbi_console_putchar
                0x00000000802001ea                sbi_set_timer
 .text          0x000000008020021c       0x2e main.o
                0x000000008020021c                os_main
 .text          0x000000008020024a      0x572 printf.o
                0x000000008020024a                uart_puts
                0x0000000080200736                printf
                0x000000008020078e                panic
 .text          0x00000000802007bc      0x10c trap.o
                0x00000000802007f0                trap_handler
                0x00000000802008a8                trap_init
 .text          0x00000000802008c8       0xf4 syscall.o
                0x00000000802008c8                __sys_write
                0x0000000080200906                __sys_yield
                0x000000008020091c                __sys_gettime
                0x0000000080200934                __SYSCALL
 .text          0x00000000802009bc       0x92 string.o
                0x00000000802009bc                strlen
                0x00000000802009f8                memcpy
 .text          0x0000000080200a4e      0x1c6 app.o
                0x0000000080200a4e                syscall
                0x0000000080200a92                sys_wirte
                0x0000000080200ac8                sys_yield
                0x0000000080200aea                sys_gettime
                0x0000000080200b0c                task1
                0x0000000080200b40                task2
                0x0000000080200b74                task3
                0x0000000080200bde                task_init
 .text          0x0000000080200c14      0x318 task.o
                0x0000000080200c48                tcx_init
                0x0000000080200cc0                task_create
                0x0000000080200de4                schedule
                0x0000000080200ee8                run_first_task
 .text          0x0000000080200f2c       0xbe timer.o
                0x0000000080200f7a                set_next_trigger
                0x0000000080200fa0                timer_init
                0x0000000080200fd2                get_time_us

.rodata         0x0000000080200ff0      0x1bf
 *(.rodata .rodata.*)
 .rodata        0x0000000080200ff0       0x11 main.o
 *fill*         0x0000000080201001        0x7 
 .rodata        0x0000000080201008       0x8a printf.o
 *fill*         0x0000000080201092        0x6 
 .rodata        0x0000000080201098       0x3e trap.o
 *fill*         0x00000000802010d6        0x2 
 .rodata        0x00000000802010d8       0x3b syscall.o
 *fill*         0x0000000080201113        0x5 
 .rodata        0x0000000080201118       0x43 app.o
 *fill*         0x000000008020115b        0x5 
 .rodata        0x0000000080201160       0x4f task.o

.data           0x00000000802011b0      0xe58
                0x0000000080202000                . = ALIGN (0x1000)
 *fill*         0x00000000802011b0      0xe50 
 *(.sdata .sdata.*)
 .sdata         0x0000000080202000        0x8 timer.o
 *(.data .data.*)
 .data          0x0000000080202008        0x0 entry.o
 .data          0x0000000080202008        0x0 kerneltrap.o
 .data          0x0000000080202008        0x0 switch.o
 .data          0x0000000080202008        0x0 sbi.o
 .data          0x0000000080202008        0x0 main.o
 .data          0x0000000080202008        0x0 printf.o
 .data          0x0000000080202008        0x0 trap.o
 .data          0x0000000080202008        0x0 syscall.o
 .data          0x0000000080202008        0x0 string.o
 .data          0x0000000080202008        0x0 app.o
 .data          0x0000000080202008        0x0 task.o
 .data          0x0000000080202008        0x0 timer.o
                [!provide]                        PROVIDE (_data_end = .)

.bss            0x0000000080202008    0x388a0
 *(.sbss .sbss.*)
 *(.bss .bss.*)
 .bss           0x0000000080202008        0x0 entry.o
 .bss.stack     0x0000000080202008    0x10000 entry.o
                0x0000000080202008                boot_stack_lower_bound
                0x0000000080212008                boot_stack_top
 .bss           0x0000000080212008        0x0 kerneltrap.o
 .bss           0x0000000080212008        0x0 switch.o
 .bss           0x0000000080212008        0x0 sbi.o
 .bss           0x0000000080212008        0x0 main.o
 .bss           0x0000000080212008      0x3e8 printf.o
 .bss           0x00000000802123f0        0x0 trap.o
 .bss           0x00000000802123f0        0x0 syscall.o
 .bss           0x00000000802123f0        0x0 string.o
 .bss           0x00000000802123f0        0x0 app.o
 .bss           0x00000000802123f0    0x284b8 task.o
                0x00000000802123f0                KernelStack
                0x00000000802263f0                UserStack
                0x000000008023a3f0                tasks
 .bss           0x000000008023a8a8        0x0 timer.o
 *(COMMON)
OUTPUT(os.elf elf64-littleriscv)

.riscv.attributes
                0x0000000000000000       0x57
 .riscv.attributes
                0x0000000000000000       0x51 entry.o
 .riscv.attributes
                0x0000000000000051       0x55 kerneltrap.o
 .riscv.attributes
                0x00000000000000a6       0x51 switch.o
 .riscv.attributes
                0x00000000000000f7       0x53 sbi.o
 .riscv.attributes
                0x000000000000014a       0x53 main.o
 .riscv.attributes
                0x000000000000019d       0x53 printf.o
 .riscv.attributes
                0x00000000000001f0       0x57 trap.o
 .riscv.attributes
                0x0000000000000247       0x53 syscall.o
 .riscv.attributes
                0x000000000000029a       0x53 string.o
 .riscv.attributes
                0x00000000000002ed       0x53 app.o
 .riscv.attributes
                0x0000000000000340       0x57 task.o
 .riscv.attributes
                0x0000000000000397       0x57 timer.o

.comment        0x0000000000000000        0xf
 .comment       0x0000000000000000        0xf sbi.o
                                         0x10 (size before relaxing)
 .comment       0x000000000000000f       0x10 main.o
 .comment       0x000000000000000f       0x10 printf.o
 .comment       0x000000000000000f       0x10 trap.o
 .comment       0x000000000000000f       0x10 syscall.o
 .comment       0x000000000000000f       0x10 string.o
 .comment       0x000000000000000f       0x10 app.o
 .comment       0x000000000000000f       0x10 task.o
 .comment       0x000000000000000f       0x10 timer.o
